// Jest Snapshot v1, https://goo.gl/fbAQLP

exports[`<ListItem /> renders correctly 1`] = `
<View
  accessible={true}
  focusable={true}
  isTVSelectable={true}
  onClick={[Function]}
  onResponderGrant={[Function]}
  onResponderMove={[Function]}
  onResponderRelease={[Function]}
  onResponderTerminate={[Function]}
  onResponderTerminationRequest={[Function]}
  onStartShouldSetResponder={[Function]}
  style={
    Object {
      "alignItems": "flex-start",
      "flex": 1,
      "justifyContent": "center",
      "minHeight": 45,
      "paddingHorizontal": 20,
      "paddingVertical": 10,
    }
  }
>
  <Text
    style={null}
  >
    One
  </Text>
</View>
`;
