// Jest Snapshot v1, https://goo.gl/fbAQLP

exports[`<HabitForm /> renders as empty 1`] = `
<View
  pointerEvents="box-none"
  style={
    Object {
      "flex": 1,
    }
  }
>
  <View
    collapsable={true}
    pointerEvents="box-none"
    style={
      Object {
        "flex": 1,
      }
    }
  >
    <View
      style={
        Array [
          Object {
            "alignItems": "center",
            "flex": 1,
            "justifyContent": "center",
          },
          Object {
            "backgroundColor": "rgb(242, 242, 242)",
          },
        ]
      }
    >
      <Text
        style={
          Object {
            "fontSize": 72,
          }
        }
      >
        🤷‍♀️
      </Text>
    </View>
  </View>
</View>
`;
