// Jest Snapshot v1, https://goo.gl/fbAQLP

exports[`<HabitForm /> renders as empty 1`] = `
<View
  pointerEvents="box-none"
  style={
    Object {
      "flex": 1,
    }
  }
>
  <View
    collapsable={true}
    pointerEvents="box-none"
    style={
      Object {
        "flex": 1,
      }
    }
  >
    <ScrollView
      style={
        Array [
          Object {
            "paddingHorizontal": 20,
            "paddingVertical": 10,
          },
          Object {
            "backgroundColor": "rgb(242, 242, 242)",
          },
        ]
      }
    >
      <View
        style={
          Array [
            Object {
              "borderWidth": 1,
              "justifyContent": "center",
              "minHeight": 64,
              "paddingHorizontal": 10,
            },
            Object {
              "backgroundColor": "rgb(255, 255, 255)",
              "borderColor": "rgb(224, 224, 224)",
              "marginBottom": 20,
            },
          ]
        }
      >
        <TextInput
          allowFontScaling={true}
          clearButtonMode="while-editing"
          placeholder="🦷 Floss Teeth"
          rejectResponderTermination={true}
          style={
            Array [
              Object {
                "fontSize": 14,
                "lineHeight": 17,
              },
              Object {
                "color": "rgb(28, 28, 30)",
              },
            ]
          }
          underlineColorAndroid="transparent"
        />
      </View>
      <TouchableOpacity
        activeOpacity={0.2}
        style={
          Array [
            Object {
              "alignItems": "center",
              "borderWidth": 1,
              "justifyContent": "center",
              "minHeight": 64,
            },
            Object {
              "backgroundColor": "rgb(255, 255, 255)",
              "borderColor": "rgb(224, 224, 224)",
              "marginBottom": 10,
            },
          ]
        }
      >
        <Text
          style={
            Array [
              Object {
                "fontSize": 14,
                "lineHeight": 17,
              },
              Object {
                "color": "rgb(28, 28, 30)",
              },
            ]
          }
        >
          💾
        </Text>
      </TouchableOpacity>
    </ScrollView>
  </View>
</View>
`;
