// Jest Snapshot v1, https://goo.gl/fbAQLP

exports[`<HabitListItem /> renders correctly 1`] = `
<View
  style={
    Object {
      "justifyContent": "center",
      "minHeight": 64,
    }
  }
>
  <Text
    style={
      Object {
        "marginHorizontal": 20,
      }
    }
  >
    🦷 Floss Teeth
  </Text>
</View>
`;
